C51 COMPILER V9.54   ADC_DRV                                                               05/02/2017 13:31:24 PAGE 1   


C51 COMPILER V9.54, COMPILATION OF MODULE ADC_DRV
OBJECT MODULE PLACED IN .\Objects\adc_drv.obj
COMPILER INVOKED BY: D:\Keil_v5\C51\BIN\C51.EXE driver\adc\adc_drv.c OMF2 OPTIMIZE(8,SPEED) BROWSE DEBUG PRINT(.\Listing
                    -s\adc_drv.lst) OBJECT(.\Objects\adc_drv.obj)

line level    source

   1          #include "driver/adc/adc_drv.h"
   2          
   3          void adc_init(void)
   4          {    
   5   1              //打开AD电源
   6   1          //设置AD转换速率：540个时钟周期转换一次
   7   1          ADC_CONTR = ADC_POWER_ENABLE | ADC_SPEED_540;
   8   1          
   9   1              //关闭ADC中断
  10   1              EADC = 0;
  11   1              
  12   1          //设置AD转换结果存储格式
  13   1          AUXR1 &= 0xFB;//10位AD转换结果高8位存储在ADC_RES,低2位存储在ADC_RESL中
  14   1      }


MODULE INFORMATION:   STATIC OVERLAYABLE
   CODE SIZE        =      9    ----
   CONSTANT SIZE    =   ----    ----
   XDATA SIZE       =   ----    ----
   PDATA SIZE       =   ----    ----
   DATA SIZE        =   ----    ----
   IDATA SIZE       =   ----    ----
   BIT SIZE         =   ----    ----
   EDATA SIZE       =   ----    ----
   HDATA SIZE       =   ----    ----
   XDATA CONST SIZE =   ----    ----
   FAR CONST SIZE   =   ----    ----
END OF MODULE INFORMATION.


C51 COMPILATION COMPLETE.  0 WARNING(S),  0 ERROR(S)
