C51 COMPILER V9.54   SYSTEM_INIT                                                           04/28/2017 13:06:00 PAGE 1   


C51 COMPILER V9.54, COMPILATION OF MODULE SYSTEM_INIT
OBJECT MODULE PLACED IN .\Objects\system_init.obj
COMPILER INVOKED BY: D:\Keil_v5\C51\BIN\C51.EXE system_init.c OMF2 OPTIMIZE(8,SPEED) BROWSE DEBUG PRINT(.\Listings\syste
                    -m_init.lst) OBJECT(.\Objects\system_init.obj)

line level    source

   1          #include "system_init.h"
   2          
   3          static void gpio_init(void);
   4          static void get_defence_info(void);
   5          static void get_config_info(void);
   6          
   7          /* System */
   8          extern data   Byte     gl_comm_addr;                         //RS485通信地址
   9          extern data   Byte     gl_reply_tick;                        //设置返回延时
  10          
  11          
  12          void system_init(void)
  13          {   
  14   1              gpio_init();
  15   1              
  16   1              get_defence_info();
  17   1              get_config_info();
  18   1      
  19   1              uart_task_init();
  20   1              adc_task_init();
  21   1              
  22   1              timer0_init();
  23   1      }
  24          
  25          static void gpio_init(void)
  26          {        
  27   1              //设置P10、P11为高阻输入，并且做为AD使用
  28   1              P1M1 = 0x03;
  29   1              P1M0 = 0x00;
  30   1              P1ASF = 0x03;
  31   1              
  32   1              //设置P2口为准双向口
  33   1              P2M1 = 0x00;
  34   1              P2M0 = 0x00;
  35   1      
  36   1              //设置P36为推挽输出
  37   1              P3M1 = 0x00;
  38   1              P3M0 = 0x40;
  39   1      
  40   1              //设置P4口为准双向口
  41   1              P4M1 = 0x00;
  42   1              P4M0 = 0x00;
  43   1              
  44   1              //初始化设置
  45   1              bRS485_Ctrl = 0;  //RS485发送禁止（处于接收状态）
  46   1      }
  47          
  48          
  49          static void get_defence_info(void)
  50          {
  51   1              Uint16 i;
  52   1              Byte   j;
  53   1              Byte   temp;
  54   1              
C51 COMPILER V9.54   SYSTEM_INIT                                                           04/28/2017 13:06:00 PAGE 2   

  55   1              //读取RS485通信地址
  56   1              i = 0;
  57   1              temp = P2;
  58   1              do {
  59   2                      //延时
  60   2                      j = 255;
  61   2                      while (j>0)  j--;
  62   2                      if (temp == P2) { //读到相同的值
  63   3                              i++;
  64   3                      } else { //读到不同的值
  65   3                              i = 0;
  66   3                              temp = P2;
  67   3                      }
  68   2              } while (i < 8);
  69   1              gl_comm_addr = ~temp;    //本模块RS485通信地址
  70   1              //使用8位拨码开关，地址范围为 0x00 ~ 0xFF,总线设备地址要求从0x10开始
  71   1              if ((gl_comm_addr < 0x10) || (gl_comm_addr == 0xFF) || (gl_comm_addr == 0xFE)) {
  72   2                      //设备地址必须为 0x10 ~ 0xFD 之间(含),0xFF为广播地址,0xFE表示未定义地址
  73   2                      gl_comm_addr = CMD_ADDR_UNSOLV;
  74   2              }
  75   1      }
  76          
  77          static void get_config_info(void)
  78          {
  79   1              Byte temp;
  80   1              
  81   1              //使能Flash访问
  82   1              flash_enable();
  83   1              
  84   1          //读取延时时间
  85   1          temp = flash_read(EEPROM_SECTOR1);
  86   1          if (temp == 0x5A) { //有有效设置
  87   2              gl_reply_tick = flash_read(EEPROM_SECTOR1 + 1);
  88   2          } else {    //无有效设置
  89   2              gl_reply_tick = 30;
  90   2          }
  91   1              
  92   1              //禁止Flash访问
  93   1              flash_disable();
  94   1      }


MODULE INFORMATION:   STATIC OVERLAYABLE
   CODE SIZE        =    128    ----
   CONSTANT SIZE    =   ----    ----
   XDATA SIZE       =   ----    ----
   PDATA SIZE       =   ----    ----
   DATA SIZE        =   ----    ----
   IDATA SIZE       =   ----    ----
   BIT SIZE         =   ----    ----
   EDATA SIZE       =   ----    ----
   HDATA SIZE       =   ----    ----
   XDATA CONST SIZE =   ----    ----
   FAR CONST SIZE   =   ----    ----
END OF MODULE INFORMATION.


C51 COMPILATION COMPLETE.  0 WARNING(S),  0 ERROR(S)
